******************************************************************************
                  MSP430 Linker PC v21.6.1                     
******************************************************************************
>> Linked Sun Apr  6 21:45:00 2025

OUTPUT FILE NAME:   <PACS_Firmware.out>
ENTRY POINT SYMBOL: "_c_int00_noargs"  address: 0000e3e4


MEMORY CONFIGURATION

         name            origin    length      used     unused   attr    fill
----------------------  --------  ---------  --------  --------  ----  --------
  SFR                   00000000   00000010  00000000  00000010  RWIX
  PERIPHERALS_8BIT      00000010   000000f0  00000000  000000f0  RWIX
  PERIPHERALS_16BIT     00000100   00000100  00000000  00000100  RWIX
  RAM                   00000200   00000200  0000005a  000001a6  RWIX
  INFOD                 00001000   00000040  00000000  00000040  RWIX
  INFOC                 00001040   00000040  00000000  00000040  RWIX
  INFOB                 00001080   00000040  00000000  00000040  RWIX
  INFOA                 000010c0   00000040  00000000  00000040  RWIX
  FLASH                 0000c000   00003fde  00002538  00001aa6  RWIX
  BSLSIGNATURE          0000ffde   00000002  00000002  00000000  RWIX  ffff 
  INT00                 0000ffe0   00000002  00000002  00000000  RWIX
  INT01                 0000ffe2   00000002  00000000  00000002  RWIX
  INT02                 0000ffe4   00000002  00000002  00000000  RWIX
  INT03                 0000ffe6   00000002  00000002  00000000  RWIX
  INT04                 0000ffe8   00000002  00000000  00000002  RWIX
  INT05                 0000ffea   00000002  00000002  00000000  RWIX
  INT06                 0000ffec   00000002  00000002  00000000  RWIX
  INT07                 0000ffee   00000002  00000002  00000000  RWIX
  INT08                 0000fff0   00000002  00000002  00000000  RWIX
  INT09                 0000fff2   00000002  00000002  00000000  RWIX
  INT10                 0000fff4   00000002  00000002  00000000  RWIX
  INT11                 0000fff6   00000002  00000002  00000000  RWIX
  INT12                 0000fff8   00000002  00000002  00000000  RWIX
  INT13                 0000fffa   00000002  00000002  00000000  RWIX
  INT14                 0000fffc   00000002  00000002  00000000  RWIX
  RESET                 0000fffe   00000002  00000002  00000000  RWIX


SECTION ALLOCATION MAP

 output                                  attributes/
section   page    origin      length       input sections
--------  ----  ----------  ----------   ----------------
.data      0    00000200    0000000a     UNINITIALIZED
                  00000200    0000000a     main.obj (.data)

.stack     0    000003b0    00000050     UNINITIALIZED
                  000003b0    00000002     rts430_eabi.lib : boot.c.obj (.stack)
                  000003b2    0000004e     --HOLE--

.text      0    0000c000    000024f0     
                  0000c000    00000736     rts430_eabi.lib : addd.c.obj (.text:__mspabi_addd)
                  0000c736    00000478                     : frcdivd.c.obj (.text:__TI_frcdivd)
                  0000cbae    000002d0     main.obj (.text:calculate_lux)
                  0000ce7e    000002c0     rts430_eabi.lib : mpyd.c.obj (.text:__mspabi_mpyd)
                  0000d13e    00000232                     : divd.c.obj (.text:__mspabi_divd)
                  0000d370    00000172                     : frcmpyd.c.obj (.text:__TI_frcmpyd)
                  0000d4e2    0000011a     main.obj (.text:send_xbee_transmit_request)
                  0000d5fc    00000116     rts430_eabi.lib : _printfi.c.obj (.text:__TI_printfi_minimal:_setfield___TI_printfi_minimal)
                  0000d712    00000114                     : mult64.asm.obj (.text:__mpyll)
                  0000d826    000000ec                     : _printfi.c.obj (.text:__TI_printfi_minimal:__TI_printfi_minimal)
                  0000d912    000000dc                     : cmpd.c.obj (.text:__mspabi_cmpd)
                  0000d9ee    000000ca                     : _printfi.c.obj (.text:__TI_printfi_minimal:_pproc_diouxp___TI_printfi_minimal)
                  0000dab8    000000ac                     : fltlid.c.obj (.text:__mspabi_fltlid)
                  0000db64    000000a6     main.obj (.text:main)
                  0000dc0a    00000092     main.obj (.text:read_temp_sensor)
                  0000dc9c    0000008a     rts430_eabi.lib : fltuld.c.obj (.text:__mspabi_fltuld)
                  0000dd26    00000084     main.obj (.text:read_light_sensor)
                  0000ddaa    0000007c     rts430_eabi.lib : copy_decompress_lzss.c.obj (.text:decompress:lzss:__TI_decompress_lzss)
                  0000de26    00000072                     : fixdli.c.obj (.text:__mspabi_fixdli)
                  0000de98    0000005c                     : lsr32.asm.obj (.text:l_lsr_const)
                  0000def4    00000056                     : snprintf.c.obj (.text:snprintf)
                  0000df4a    0000004c     main.obj (.text:I2C_readByte)
                  0000df96    0000004c     rts430_eabi.lib : lsr16.asm.obj (.text)
                  0000dfe2    0000004a                     : asr64.c.obj (.text:__mspabi_srall)
                  0000e02c    00000046                     : lsr64.c.obj (.text:__mspabi_srlll)
                  0000e072    00000044                     : lsl64.c.obj (.text:__mspabi_sllll)
                  0000e0b6    00000042                     : autoinit.c.obj (.text:__TI_auto_init_nobinit_nopinit:__TI_auto_init_nobinit_nopinit)
                  0000e0f8    0000003e     main.obj (.text:I2C_WriteByte)
                  0000e136    0000003e     rts430_eabi.lib : asr32.asm.obj (.text:l_asr_const)
                  0000e174    0000003e                     : lsl32.asm.obj (.text:l_lsl_const)
                  0000e1b2    00000036                     : snprintf.c.obj (.text:_outs)
                  0000e1e8    00000036     main.obj (.text:read_voltage_sensor)
                  0000e21e    0000002e     rts430_eabi.lib : subd.c.obj (.text:__mspabi_subd)
                  0000e24c    0000002c                     : asr16.asm.obj (.text)
                  0000e278    0000002c                     : lsl16.asm.obj (.text)
                  0000e2a4    00000028                     : fixdi.c.obj (.text:__mspabi_fixdi)
                  0000e2cc    00000028     main.obj (.text:uart_init)
                  0000e2f4    00000026     main.obj (.text:I2C_init)
                  0000e31a    00000026     rts430_eabi.lib : mult32.asm.obj (.text)
                  0000e340    00000024     main.obj (.text:adc_readout)
                  0000e364    00000022     rts430_eabi.lib : mult1632.asm.obj (.text:__mpyul)
                  0000e386    00000022                     : memccpy.c.obj (.text:memccpy)
                  0000e3a8    0000001e                     : mult3264.asm.obj (.text:__mpyull)
                  0000e3c6    0000001e                     : snprintf.c.obj (.text:_outc)
                  0000e3e4    0000001c                     : boot.c.obj (.text:_c_int00_noargs)
                  0000e400    0000001c     main.obj (.text:read_water_level_sensor)
                  0000e41c    0000001c     main.obj (.text:uart_send)
                  0000e438    00000016     rts430_eabi.lib : div16u.asm.obj (.text)
                  0000e44e    00000014                     : memset.c.obj (.text:memset)
                  0000e462    00000014                     : mult16.asm.obj (.text)
                  0000e476    00000012                     : copy_decompress_none.c.obj (.text:decompress:none:__TI_decompress_none)
                  0000e488    00000012                     : lsr32.asm.obj (.text:l_lsr)
                  0000e49a    00000012                     : memcpy.c.obj (.text:memcpy)
                  0000e4ac    00000010                     : epilog.asm.obj (.text)
                  0000e4bc    0000000e                     : strlen.c.obj (.text:strlen)
                  0000e4ca    0000000c                     : fltid.c.obj (.text:__mspabi_fltid)
                  0000e4d6    00000008                     : isr_trap.asm.obj (.text:_isr:__TI_ISR_TRAP)
                  0000e4de    00000006                     : fltud.c.obj (.text:__mspabi_fltud)
                  0000e4e4    00000006                     : exit.c.obj (.text:abort)
                  0000e4ea    00000004                     : pre_init.c.obj (.text:_system_pre_init)
                  0000e4ee    00000002                     : startup.c.obj (.text:_system_post_cinit)

.const     0    0000e4f0    00000036     
                  0000e4f0    00000026     rts430_eabi.lib : _printfi.c.obj (.const:.string)
                  0000e516    0000000c     main.obj (.const:.string)
                  0000e522    00000004     main.obj (.const:.string:als_channel_regs)

.cinit     0    0000e526    00000012     
                  0000e526    00000009     (.cinit..data.load) [load image, compression = lzss]
                  0000e52f    00000001     --HOLE-- [fill = 0]
                  0000e530    00000004     (__TI_handler_table)
                  0000e534    00000004     (__TI_cinit_table)

.binit     0    0000c000    00000000     

.init_array 
*          0    0000c000    00000000     UNINITIALIZED

TRAPINT    0    0000ffe0    00000002     
                  0000ffe0    00000002     rts430_eabi.lib : int00.asm.obj (.int00)

PORT1      0    0000ffe4    00000002     
                  0000ffe4    00000002     rts430_eabi.lib : int02.asm.obj (.int02)

PORT2      0    0000ffe6    00000002     
                  0000ffe6    00000002     rts430_eabi.lib : int03.asm.obj (.int03)

ADC10      0    0000ffea    00000002     
                  0000ffea    00000002     rts430_eabi.lib : int05.asm.obj (.int05)

USCIAB0TX 
*          0    0000ffec    00000002     
                  0000ffec    00000002     rts430_eabi.lib : int06.asm.obj (.int06)

USCIAB0RX 
*          0    0000ffee    00000002     
                  0000ffee    00000002     rts430_eabi.lib : int07.asm.obj (.int07)

TIMER0_A1 
*          0    0000fff0    00000002     
                  0000fff0    00000002     rts430_eabi.lib : int08.asm.obj (.int08)

TIMER0_A0 
*          0    0000fff2    00000002     
                  0000fff2    00000002     rts430_eabi.lib : int09.asm.obj (.int09)

WDT        0    0000fff4    00000002     
                  0000fff4    00000002     rts430_eabi.lib : int10.asm.obj (.int10)

COMPARATORA 
*          0    0000fff6    00000002     
                  0000fff6    00000002     rts430_eabi.lib : int11.asm.obj (.int11)

TIMER1_A1 
*          0    0000fff8    00000002     
                  0000fff8    00000002     rts430_eabi.lib : int12.asm.obj (.int12)

TIMER1_A0 
*          0    0000fffa    00000002     
                  0000fffa    00000002     rts430_eabi.lib : int13.asm.obj (.int13)

NMI        0    0000fffc    00000002     
                  0000fffc    00000002     rts430_eabi.lib : int14.asm.obj (.int14)

.reset     0    0000fffe    00000002     
                  0000fffe    00000002     rts430_eabi.lib : boot.c.obj (.reset)

$fill000   0    0000ffde    00000002     
                  0000ffde    00000002     --HOLE-- [fill = ffff]

MODULE SUMMARY

       Module                       code   ro data   rw data
       ------                       ----   -------   -------
    .\
       main.obj                     1808   16        10     
    +--+----------------------------+------+---------+---------+
       Total:                       1808   16        10     
                                                            
    C:\Applications\TI\ccs\tools\compiler\ti-cgt-msp430_21.6.1.LTS\lib\rts430_eabi.lib
       addd.c.obj                   1846   0         0      
       frcdivd.c.obj                1144   0         0      
       _printfi.c.obj               716    38        0      
       mpyd.c.obj                   704    0         0      
       divd.c.obj                   562    0         0      
       frcmpyd.c.obj                370    0         0      
       mult64.asm.obj               276    0         0      
       cmpd.c.obj                   220    0         0      
       fltlid.c.obj                 172    0         0      
       snprintf.c.obj               170    0         0      
       fltuld.c.obj                 138    0         0      
       copy_decompress_lzss.c.obj   124    0         0      
       fixdli.c.obj                 114    0         0      
       lsr32.asm.obj                110    0         0      
       lsr16.asm.obj                76     0         0      
       asr64.c.obj                  74     0         0      
       lsr64.c.obj                  70     0         0      
       lsl64.c.obj                  68     0         0      
       autoinit.c.obj               66     0         0      
       asr32.asm.obj                62     0         0      
       lsl32.asm.obj                62     0         0      
       subd.c.obj                   46     0         0      
       asr16.asm.obj                44     0         0      
       lsl16.asm.obj                44     0         0      
       fixdi.c.obj                  40     0         0      
       mult32.asm.obj               38     0         0      
       memccpy.c.obj                34     0         0      
       mult1632.asm.obj             34     0         0      
       boot.c.obj                   28     2         0      
       mult3264.asm.obj             30     0         0      
       div16u.asm.obj               22     0         0      
       memset.c.obj                 20     0         0      
       mult16.asm.obj               20     0         0      
       copy_decompress_none.c.obj   18     0         0      
       memcpy.c.obj                 18     0         0      
       epilog.asm.obj               16     0         0      
       strlen.c.obj                 14     0         0      
       fltid.c.obj                  12     0         0      
       isr_trap.asm.obj             8      0         0      
       exit.c.obj                   6      0         0      
       fltud.c.obj                  6      0         0      
       pre_init.c.obj               4      0         0      
       int00.asm.obj                0      2         0      
       int02.asm.obj                0      2         0      
       int03.asm.obj                0      2         0      
       int05.asm.obj                0      2         0      
       int06.asm.obj                0      2         0      
       int07.asm.obj                0      2         0      
       int08.asm.obj                0      2         0      
       int09.asm.obj                0      2         0      
       int10.asm.obj                0      2         0      
       int11.asm.obj                0      2         0      
       int12.asm.obj                0      2         0      
       int13.asm.obj                0      2         0      
       int14.asm.obj                0      2         0      
       startup.c.obj                2      0         0      
    +--+----------------------------+------+---------+---------+
       Total:                       7648   66        0      
                                                            
       Stack:                       0      0         80     
       Linker Generated:            0      17        0      
    +--+----------------------------+------+---------+---------+
       Grand Total:                 9456   99        90     


LINKER GENERATED COPY TABLES

__TI_cinit_table @ 0000e534 records: 1, size/record: 4, table size: 4
	.data: load addr=0000e526, load size=00000009 bytes, run addr=00000200, run size=0000000a bytes, compression=lzss


LINKER GENERATED HANDLER TABLE

__TI_handler_table @ 0000e530 records: 2, size/record: 2, table size: 4
	index: 0, handler: __TI_decompress_lzss
	index: 1, handler: __TI_decompress_none


GLOBAL SYMBOLS: SORTED ALPHABETICALLY BY Name 

address   name                          
-------   ----                          
0000004a  ADC10AE0                      
000001b0  ADC10CTL0                     
000001b2  ADC10CTL1                     
00000048  ADC10DTC0                     
00000049  ADC10DTC1                     
000001b4  ADC10MEM                      
000001bc  ADC10SA                       
00000057  BCSCTL1                       
00000058  BCSCTL2                       
00000053  BCSCTL3                       
0000e4e4  C$$EXIT                       
00000059  CACTL1                        
0000005a  CACTL2                        
000010fb  CALBC1_12MHZ                  
000010f9  CALBC1_16MHZ                  
000010ff  CALBC1_1MHZ                   
000010fd  CALBC1_8MHZ                   
000010fa  CALDCO_12MHZ                  
000010f8  CALDCO_16MHZ                  
000010fe  CALDCO_1MHZ                   
000010fc  CALDCO_8MHZ                   
0000005b  CAPD                          
00000056  DCOCTL                        
00000128  FCTL1                         
0000012a  FCTL2                         
0000012c  FCTL3                         
0000e0f8  I2C_WriteByte                 
0000e2f4  I2C_init                      
0000df4a  I2C_readByte                  
00000000  IE1                           
00000001  IE2                           
00000002  IFG1                          
00000003  IFG2                          
00000022  P1DIR                         
00000025  P1IE                          
00000024  P1IES                         
00000023  P1IFG                         
00000020  P1IN                          
00000021  P1OUT                         
00000027  P1REN                         
00000026  P1SEL                         
00000041  P1SEL2                        
0000002a  P2DIR                         
0000002d  P2IE                          
0000002c  P2IES                         
0000002b  P2IFG                         
00000028  P2IN                          
00000029  P2OUT                         
0000002f  P2REN                         
0000002e  P2SEL                         
00000042  P2SEL2                        
0000001a  P3DIR                         
00000018  P3IN                          
00000019  P3OUT                         
00000010  P3REN                         
0000001b  P3SEL                         
00000043  P3SEL2                        
00000172  TA0CCR0                       
00000174  TA0CCR1                       
00000176  TA0CCR2                       
00000162  TA0CCTL0                      
00000164  TA0CCTL1                      
00000166  TA0CCTL2                      
00000160  TA0CTL                        
0000012e  TA0IV                         
00000170  TA0R                          
00000192  TA1CCR0                       
00000194  TA1CCR1                       
00000196  TA1CCR2                       
00000182  TA1CCTL0                      
00000184  TA1CCTL1                      
00000186  TA1CCTL2                      
00000180  TA1CTL                        
0000011e  TA1IV                         
00000190  TA1R                          
000010db  TLV_ADC10_1_LEN               
000010da  TLV_ADC10_1_TAG               
000010c0  TLV_CHECKSUM                  
000010f7  TLV_DCO_30_LEN                
000010f6  TLV_DCO_30_TAG                
0000005d  UCA0ABCTL                     
00000062  UCA0BR0                       
00000063  UCA0BR1                       
00000060  UCA0CTL0                      
00000061  UCA0CTL1                      
0000005f  UCA0IRRCTL                    
0000005e  UCA0IRTCTL                    
00000064  UCA0MCTL                      
00000066  UCA0RXBUF                     
00000065  UCA0STAT                      
00000067  UCA0TXBUF                     
0000006a  UCB0BR0                       
0000006b  UCB0BR1                       
00000068  UCB0CTL0                      
00000069  UCB0CTL1                      
0000006c  UCB0I2CIE                     
00000118  UCB0I2COA                     
0000011a  UCB0I2CSA                     
0000006e  UCB0RXBUF                     
0000006d  UCB0STAT                      
0000006f  UCB0TXBUF                     
00000120  WDTCTL                        
00000400  __STACK_END                   
00000050  __STACK_SIZE                  
0000e534  __TI_CINIT_Base               
0000e538  __TI_CINIT_Limit              
0000e538  __TI_CINIT_Warm               
0000e530  __TI_Handler_Table_Base       
0000e534  __TI_Handler_Table_Limit      
0000e4d6  __TI_ISR_TRAP                 
0000e0b6  __TI_auto_init_nobinit_nopinit
0000ddaa  __TI_decompress_lzss          
0000e476  __TI_decompress_none          
0000c736  __TI_frcdivd                  
0000d370  __TI_frcmpyd                  
0000ffe0  __TI_int00                    
0000ffe4  __TI_int02                    
0000ffe6  __TI_int03                    
0000ffea  __TI_int05                    
0000ffec  __TI_int06                    
0000ffee  __TI_int07                    
0000fff0  __TI_int08                    
0000fff2  __TI_int09                    
0000fff4  __TI_int10                    
0000fff6  __TI_int11                    
0000fff8  __TI_int12                    
0000fffa  __TI_int13                    
0000fffc  __TI_int14                    
ffffffff  __TI_pprof_out_hndl           
0000d826  __TI_printfi_minimal          
ffffffff  __TI_prof_data_size           
ffffffff  __TI_prof_data_start          
ffffffff  __c_args__                    
0000c000  __mspabi_addd                 
0000d912  __mspabi_cmpd                 
0000d13e  __mspabi_divd                 
0000e438  __mspabi_divu                 
0000e2a4  __mspabi_fixdi                
0000de26  __mspabi_fixdli               
0000e4ca  __mspabi_fltid                
0000dab8  __mspabi_fltlid               
0000e4de  __mspabi_fltud                
0000dc9c  __mspabi_fltuld               
0000e4b8  __mspabi_func_epilog_1        
0000e4b6  __mspabi_func_epilog_2        
0000e4b4  __mspabi_func_epilog_3        
0000e4b2  __mspabi_func_epilog_4        
0000e4b0  __mspabi_func_epilog_5        
0000e4ae  __mspabi_func_epilog_6        
0000e4ac  __mspabi_func_epilog_7        
0000ce7e  __mspabi_mpyd                 
0000e462  __mspabi_mpyi                 
0000e462  __mspabi_mpyi_sw              
0000e31a  __mspabi_mpyl                 
0000e31a  __mspabi_mpyl_sw              
0000d712  __mspabi_mpyll                
0000d712  __mspabi_mpyll_sw             
0000e364  __mspabi_mpyul                
0000e364  __mspabi_mpyul_sw             
0000e3a8  __mspabi_mpyull               
0000e3a8  __mspabi_mpyull_sw            
0000e438  __mspabi_remu                 
0000e278  __mspabi_slli                 
0000e2a0  __mspabi_slli_1               
0000e28e  __mspabi_slli_10              
0000e28c  __mspabi_slli_11              
0000e28a  __mspabi_slli_12              
0000e288  __mspabi_slli_13              
0000e286  __mspabi_slli_14              
0000e284  __mspabi_slli_15              
0000e29e  __mspabi_slli_2               
0000e29c  __mspabi_slli_3               
0000e29a  __mspabi_slli_4               
0000e298  __mspabi_slli_5               
0000e296  __mspabi_slli_6               
0000e294  __mspabi_slli_7               
0000e292  __mspabi_slli_8               
0000e290  __mspabi_slli_9               
0000e1ac  __mspabi_slll_1               
0000e188  __mspabi_slll_10              
0000e184  __mspabi_slll_11              
0000e180  __mspabi_slll_12              
0000e17c  __mspabi_slll_13              
0000e178  __mspabi_slll_14              
0000e174  __mspabi_slll_15              
0000e1a8  __mspabi_slll_2               
0000e1a4  __mspabi_slll_3               
0000e1a0  __mspabi_slll_4               
0000e19c  __mspabi_slll_5               
0000e198  __mspabi_slll_6               
0000e194  __mspabi_slll_7               
0000e190  __mspabi_slll_8               
0000e18c  __mspabi_slll_9               
0000e072  __mspabi_sllll                
0000e24c  __mspabi_srai                 
0000e274  __mspabi_srai_1               
0000e262  __mspabi_srai_10              
0000e260  __mspabi_srai_11              
0000e25e  __mspabi_srai_12              
0000e25c  __mspabi_srai_13              
0000e25a  __mspabi_srai_14              
0000e258  __mspabi_srai_15              
0000e272  __mspabi_srai_2               
0000e270  __mspabi_srai_3               
0000e26e  __mspabi_srai_4               
0000e26c  __mspabi_srai_5               
0000e26a  __mspabi_srai_6               
0000e268  __mspabi_srai_7               
0000e266  __mspabi_srai_8               
0000e264  __mspabi_srai_9               
0000e16e  __mspabi_sral_1               
0000e14a  __mspabi_sral_10              
0000e146  __mspabi_sral_11              
0000e142  __mspabi_sral_12              
0000e13e  __mspabi_sral_13              
0000e13a  __mspabi_sral_14              
0000e136  __mspabi_sral_15              
0000e16a  __mspabi_sral_2               
0000e166  __mspabi_sral_3               
0000e162  __mspabi_sral_4               
0000e15e  __mspabi_sral_5               
0000e15a  __mspabi_sral_6               
0000e156  __mspabi_sral_7               
0000e152  __mspabi_sral_8               
0000e14e  __mspabi_sral_9               
0000dfe2  __mspabi_srall                
0000df96  __mspabi_srli                 
0000dfdc  __mspabi_srli_1               
0000dfb8  __mspabi_srli_10              
0000dfb4  __mspabi_srli_11              
0000dfb0  __mspabi_srli_12              
0000dfac  __mspabi_srli_13              
0000dfa8  __mspabi_srli_14              
0000dfa4  __mspabi_srli_15              
0000dfd8  __mspabi_srli_2               
0000dfd4  __mspabi_srli_3               
0000dfd0  __mspabi_srli_4               
0000dfcc  __mspabi_srli_5               
0000dfc8  __mspabi_srli_6               
0000dfc4  __mspabi_srli_7               
0000dfc0  __mspabi_srli_8               
0000dfbc  __mspabi_srli_9               
0000e488  __mspabi_srll                 
0000deec  __mspabi_srll_1               
0000deb6  __mspabi_srll_10              
0000deb0  __mspabi_srll_11              
0000deaa  __mspabi_srll_12              
0000dea4  __mspabi_srll_13              
0000de9e  __mspabi_srll_14              
0000de98  __mspabi_srll_15              
0000dee6  __mspabi_srll_2               
0000dee0  __mspabi_srll_3               
0000deda  __mspabi_srll_4               
0000ded4  __mspabi_srll_5               
0000dece  __mspabi_srll_6               
0000dec8  __mspabi_srll_7               
0000dec2  __mspabi_srll_8               
0000debc  __mspabi_srll_9               
0000e02c  __mspabi_srlll                
0000e21e  __mspabi_subd                 
0000e3e4  _c_int00_noargs               
0000fffe  _reset_vector                 
000003b0  _stack                        
0000e4ee  _system_post_cinit            
0000e4ea  _system_pre_init              
0000e4e4  abort                         
0000e340  adc_readout                   
0000e522  als_channel_regs              
0000cbae  calculate_lux                 
00000206  light_value                   
0000db64  main                          
0000e386  memccpy                       
0000e49a  memcpy                        
0000e44e  memset                        
0000dd26  read_light_sensor             
0000dc0a  read_temp_sensor              
0000e1e8  read_voltage_sensor           
0000e400  read_water_level_sensor       
0000d4e2  send_xbee_transmit_request    
0000def4  snprintf                      
0000e4bc  strlen                        
00000202  temp_value                    
0000e2cc  uart_init                     
0000e41c  uart_send                     
00000200  voltage_value                 
00000204  water_level_value             
00000208  zigbee_sleep_state            


GLOBAL SYMBOLS: SORTED BY Symbol Address 

address   name                          
-------   ----                          
00000000  IE1                           
00000001  IE2                           
00000002  IFG1                          
00000003  IFG2                          
00000010  P3REN                         
00000018  P3IN                          
00000019  P3OUT                         
0000001a  P3DIR                         
0000001b  P3SEL                         
00000020  P1IN                          
00000021  P1OUT                         
00000022  P1DIR                         
00000023  P1IFG                         
00000024  P1IES                         
00000025  P1IE                          
00000026  P1SEL                         
00000027  P1REN                         
00000028  P2IN                          
00000029  P2OUT                         
0000002a  P2DIR                         
0000002b  P2IFG                         
0000002c  P2IES                         
0000002d  P2IE                          
0000002e  P2SEL                         
0000002f  P2REN                         
00000041  P1SEL2                        
00000042  P2SEL2                        
00000043  P3SEL2                        
00000048  ADC10DTC0                     
00000049  ADC10DTC1                     
0000004a  ADC10AE0                      
00000050  __STACK_SIZE                  
00000053  BCSCTL3                       
00000056  DCOCTL                        
00000057  BCSCTL1                       
00000058  BCSCTL2                       
00000059  CACTL1                        
0000005a  CACTL2                        
0000005b  CAPD                          
0000005d  UCA0ABCTL                     
0000005e  UCA0IRTCTL                    
0000005f  UCA0IRRCTL                    
00000060  UCA0CTL0                      
00000061  UCA0CTL1                      
00000062  UCA0BR0                       
00000063  UCA0BR1                       
00000064  UCA0MCTL                      
00000065  UCA0STAT                      
00000066  UCA0RXBUF                     
00000067  UCA0TXBUF                     
00000068  UCB0CTL0                      
00000069  UCB0CTL1                      
0000006a  UCB0BR0                       
0000006b  UCB0BR1                       
0000006c  UCB0I2CIE                     
0000006d  UCB0STAT                      
0000006e  UCB0RXBUF                     
0000006f  UCB0TXBUF                     
00000118  UCB0I2COA                     
0000011a  UCB0I2CSA                     
0000011e  TA1IV                         
00000120  WDTCTL                        
00000128  FCTL1                         
0000012a  FCTL2                         
0000012c  FCTL3                         
0000012e  TA0IV                         
00000160  TA0CTL                        
00000162  TA0CCTL0                      
00000164  TA0CCTL1                      
00000166  TA0CCTL2                      
00000170  TA0R                          
00000172  TA0CCR0                       
00000174  TA0CCR1                       
00000176  TA0CCR2                       
00000180  TA1CTL                        
00000182  TA1CCTL0                      
00000184  TA1CCTL1                      
00000186  TA1CCTL2                      
00000190  TA1R                          
00000192  TA1CCR0                       
00000194  TA1CCR1                       
00000196  TA1CCR2                       
000001b0  ADC10CTL0                     
000001b2  ADC10CTL1                     
000001b4  ADC10MEM                      
000001bc  ADC10SA                       
00000200  voltage_value                 
00000202  temp_value                    
00000204  water_level_value             
00000206  light_value                   
00000208  zigbee_sleep_state            
000003b0  _stack                        
00000400  __STACK_END                   
000010c0  TLV_CHECKSUM                  
000010da  TLV_ADC10_1_TAG               
000010db  TLV_ADC10_1_LEN               
000010f6  TLV_DCO_30_TAG                
000010f7  TLV_DCO_30_LEN                
000010f8  CALDCO_16MHZ                  
000010f9  CALBC1_16MHZ                  
000010fa  CALDCO_12MHZ                  
000010fb  CALBC1_12MHZ                  
000010fc  CALDCO_8MHZ                   
000010fd  CALBC1_8MHZ                   
000010fe  CALDCO_1MHZ                   
000010ff  CALBC1_1MHZ                   
0000c000  __mspabi_addd                 
0000c736  __TI_frcdivd                  
0000cbae  calculate_lux                 
0000ce7e  __mspabi_mpyd                 
0000d13e  __mspabi_divd                 
0000d370  __TI_frcmpyd                  
0000d4e2  send_xbee_transmit_request    
0000d712  __mspabi_mpyll                
0000d712  __mspabi_mpyll_sw             
0000d826  __TI_printfi_minimal          
0000d912  __mspabi_cmpd                 
0000dab8  __mspabi_fltlid               
0000db64  main                          
0000dc0a  read_temp_sensor              
0000dc9c  __mspabi_fltuld               
0000dd26  read_light_sensor             
0000ddaa  __TI_decompress_lzss          
0000de26  __mspabi_fixdli               
0000de98  __mspabi_srll_15              
0000de9e  __mspabi_srll_14              
0000dea4  __mspabi_srll_13              
0000deaa  __mspabi_srll_12              
0000deb0  __mspabi_srll_11              
0000deb6  __mspabi_srll_10              
0000debc  __mspabi_srll_9               
0000dec2  __mspabi_srll_8               
0000dec8  __mspabi_srll_7               
0000dece  __mspabi_srll_6               
0000ded4  __mspabi_srll_5               
0000deda  __mspabi_srll_4               
0000dee0  __mspabi_srll_3               
0000dee6  __mspabi_srll_2               
0000deec  __mspabi_srll_1               
0000def4  snprintf                      
0000df4a  I2C_readByte                  
0000df96  __mspabi_srli                 
0000dfa4  __mspabi_srli_15              
0000dfa8  __mspabi_srli_14              
0000dfac  __mspabi_srli_13              
0000dfb0  __mspabi_srli_12              
0000dfb4  __mspabi_srli_11              
0000dfb8  __mspabi_srli_10              
0000dfbc  __mspabi_srli_9               
0000dfc0  __mspabi_srli_8               
0000dfc4  __mspabi_srli_7               
0000dfc8  __mspabi_srli_6               
0000dfcc  __mspabi_srli_5               
0000dfd0  __mspabi_srli_4               
0000dfd4  __mspabi_srli_3               
0000dfd8  __mspabi_srli_2               
0000dfdc  __mspabi_srli_1               
0000dfe2  __mspabi_srall                
0000e02c  __mspabi_srlll                
0000e072  __mspabi_sllll                
0000e0b6  __TI_auto_init_nobinit_nopinit
0000e0f8  I2C_WriteByte                 
0000e136  __mspabi_sral_15              
0000e13a  __mspabi_sral_14              
0000e13e  __mspabi_sral_13              
0000e142  __mspabi_sral_12              
0000e146  __mspabi_sral_11              
0000e14a  __mspabi_sral_10              
0000e14e  __mspabi_sral_9               
0000e152  __mspabi_sral_8               
0000e156  __mspabi_sral_7               
0000e15a  __mspabi_sral_6               
0000e15e  __mspabi_sral_5               
0000e162  __mspabi_sral_4               
0000e166  __mspabi_sral_3               
0000e16a  __mspabi_sral_2               
0000e16e  __mspabi_sral_1               
0000e174  __mspabi_slll_15              
0000e178  __mspabi_slll_14              
0000e17c  __mspabi_slll_13              
0000e180  __mspabi_slll_12              
0000e184  __mspabi_slll_11              
0000e188  __mspabi_slll_10              
0000e18c  __mspabi_slll_9               
0000e190  __mspabi_slll_8               
0000e194  __mspabi_slll_7               
0000e198  __mspabi_slll_6               
0000e19c  __mspabi_slll_5               
0000e1a0  __mspabi_slll_4               
0000e1a4  __mspabi_slll_3               
0000e1a8  __mspabi_slll_2               
0000e1ac  __mspabi_slll_1               
0000e1e8  read_voltage_sensor           
0000e21e  __mspabi_subd                 
0000e24c  __mspabi_srai                 
0000e258  __mspabi_srai_15              
0000e25a  __mspabi_srai_14              
0000e25c  __mspabi_srai_13              
0000e25e  __mspabi_srai_12              
0000e260  __mspabi_srai_11              
0000e262  __mspabi_srai_10              
0000e264  __mspabi_srai_9               
0000e266  __mspabi_srai_8               
0000e268  __mspabi_srai_7               
0000e26a  __mspabi_srai_6               
0000e26c  __mspabi_srai_5               
0000e26e  __mspabi_srai_4               
0000e270  __mspabi_srai_3               
0000e272  __mspabi_srai_2               
0000e274  __mspabi_srai_1               
0000e278  __mspabi_slli                 
0000e284  __mspabi_slli_15              
0000e286  __mspabi_slli_14              
0000e288  __mspabi_slli_13              
0000e28a  __mspabi_slli_12              
0000e28c  __mspabi_slli_11              
0000e28e  __mspabi_slli_10              
0000e290  __mspabi_slli_9               
0000e292  __mspabi_slli_8               
0000e294  __mspabi_slli_7               
0000e296  __mspabi_slli_6               
0000e298  __mspabi_slli_5               
0000e29a  __mspabi_slli_4               
0000e29c  __mspabi_slli_3               
0000e29e  __mspabi_slli_2               
0000e2a0  __mspabi_slli_1               
0000e2a4  __mspabi_fixdi                
0000e2cc  uart_init                     
0000e2f4  I2C_init                      
0000e31a  __mspabi_mpyl                 
0000e31a  __mspabi_mpyl_sw              
0000e340  adc_readout                   
0000e364  __mspabi_mpyul                
0000e364  __mspabi_mpyul_sw             
0000e386  memccpy                       
0000e3a8  __mspabi_mpyull               
0000e3a8  __mspabi_mpyull_sw            
0000e3e4  _c_int00_noargs               
0000e400  read_water_level_sensor       
0000e41c  uart_send                     
0000e438  __mspabi_divu                 
0000e438  __mspabi_remu                 
0000e44e  memset                        
0000e462  __mspabi_mpyi                 
0000e462  __mspabi_mpyi_sw              
0000e476  __TI_decompress_none          
0000e488  __mspabi_srll                 
0000e49a  memcpy                        
0000e4ac  __mspabi_func_epilog_7        
0000e4ae  __mspabi_func_epilog_6        
0000e4b0  __mspabi_func_epilog_5        
0000e4b2  __mspabi_func_epilog_4        
0000e4b4  __mspabi_func_epilog_3        
0000e4b6  __mspabi_func_epilog_2        
0000e4b8  __mspabi_func_epilog_1        
0000e4bc  strlen                        
0000e4ca  __mspabi_fltid                
0000e4d6  __TI_ISR_TRAP                 
0000e4de  __mspabi_fltud                
0000e4e4  C$$EXIT                       
0000e4e4  abort                         
0000e4ea  _system_pre_init              
0000e4ee  _system_post_cinit            
0000e522  als_channel_regs              
0000e530  __TI_Handler_Table_Base       
0000e534  __TI_CINIT_Base               
0000e534  __TI_Handler_Table_Limit      
0000e538  __TI_CINIT_Limit              
0000e538  __TI_CINIT_Warm               
0000ffe0  __TI_int00                    
0000ffe4  __TI_int02                    
0000ffe6  __TI_int03                    
0000ffea  __TI_int05                    
0000ffec  __TI_int06                    
0000ffee  __TI_int07                    
0000fff0  __TI_int08                    
0000fff2  __TI_int09                    
0000fff4  __TI_int10                    
0000fff6  __TI_int11                    
0000fff8  __TI_int12                    
0000fffa  __TI_int13                    
0000fffc  __TI_int14                    
0000fffe  _reset_vector                 
ffffffff  __TI_pprof_out_hndl           
ffffffff  __TI_prof_data_size           
ffffffff  __TI_prof_data_start          
ffffffff  __c_args__                    

[287 symbols]
