******************************************************************************
                  MSP430 Linker PC v21.6.1                     
******************************************************************************
>> Linked Sun Apr  6 03:47:07 2025

OUTPUT FILE NAME:   <PACS_Firmware.out>
ENTRY POINT SYMBOL: "_c_int00_noargs"  address: 0000de58


MEMORY CONFIGURATION

         name            origin    length      used     unused   attr    fill
----------------------  --------  ---------  --------  --------  ----  --------
  SFR                   00000000   00000010  00000000  00000010  RWIX
  PERIPHERALS_8BIT      00000010   000000f0  00000000  000000f0  RWIX
  PERIPHERALS_16BIT     00000100   00000100  00000000  00000100  RWIX
  RAM                   00000200   00000200  0000005a  000001a6  RWIX
  INFOD                 00001000   00000040  00000000  00000040  RWIX
  INFOC                 00001040   00000040  00000000  00000040  RWIX
  INFOB                 00001080   00000040  00000000  00000040  RWIX
  INFOA                 000010c0   00000040  00000000  00000040  RWIX
  FLASH                 0000c000   00003fde  00001f86  00002058  RWIX
  BSLSIGNATURE          0000ffde   00000002  00000002  00000000  RWIX  ffff 
  INT00                 0000ffe0   00000002  00000002  00000000  RWIX
  INT01                 0000ffe2   00000002  00000000  00000002  RWIX
  INT02                 0000ffe4   00000002  00000002  00000000  RWIX
  INT03                 0000ffe6   00000002  00000002  00000000  RWIX
  INT04                 0000ffe8   00000002  00000000  00000002  RWIX
  INT05                 0000ffea   00000002  00000002  00000000  RWIX
  INT06                 0000ffec   00000002  00000002  00000000  RWIX
  INT07                 0000ffee   00000002  00000002  00000000  RWIX
  INT08                 0000fff0   00000002  00000002  00000000  RWIX
  INT09                 0000fff2   00000002  00000002  00000000  RWIX
  INT10                 0000fff4   00000002  00000002  00000000  RWIX
  INT11                 0000fff6   00000002  00000002  00000000  RWIX
  INT12                 0000fff8   00000002  00000002  00000000  RWIX
  INT13                 0000fffa   00000002  00000002  00000000  RWIX
  INT14                 0000fffc   00000002  00000002  00000000  RWIX
  RESET                 0000fffe   00000002  00000002  00000000  RWIX


SECTION ALLOCATION MAP

 output                                  attributes/
section   page    origin      length       input sections
--------  ----  ----------  ----------   ----------------
.data      0    00000200    0000000a     UNINITIALIZED
                  00000200    0000000a     main.obj (.data)

.stack     0    000003b0    00000050     UNINITIALIZED
                  000003b0    00000002     rts430_eabi.lib : boot.c.obj (.stack)
                  000003b2    0000004e     --HOLE--

.text      0    0000c000    00001f42     
                  0000c000    00000736     rts430_eabi.lib : addd.c.obj (.text:__mspabi_addd)
                  0000c736    00000478                     : frcdivd.c.obj (.text:__TI_frcdivd)
                  0000cbae    000002c0                     : mpyd.c.obj (.text:__mspabi_mpyd)
                  0000ce6e    00000232                     : divd.c.obj (.text:__mspabi_divd)
                  0000d0a0    00000172                     : frcmpyd.c.obj (.text:__TI_frcmpyd)
                  0000d212    0000011a     main.obj (.text:send_xbee_transmit_request)
                  0000d32c    00000116     rts430_eabi.lib : _printfi.c.obj (.text:__TI_printfi_minimal:_setfield___TI_printfi_minimal)
                  0000d442    00000114                     : mult64.asm.obj (.text:__mpyll)
                  0000d556    000000ec                     : _printfi.c.obj (.text:__TI_printfi_minimal:__TI_printfi_minimal)
                  0000d642    000000ca                     : _printfi.c.obj (.text:__TI_printfi_minimal:_pproc_diouxp___TI_printfi_minimal)
                  0000d70c    000000ac                     : fltlid.c.obj (.text:__mspabi_fltlid)
                  0000d7b8    00000092     main.obj (.text:read_temp_sensor)
                  0000d84a    00000084     main.obj (.text:main)
                  0000d8ce    0000007c     rts430_eabi.lib : copy_decompress_lzss.c.obj (.text:decompress:lzss:__TI_decompress_lzss)
                  0000d94a    00000072                     : fixdli.c.obj (.text:__mspabi_fixdli)
                  0000d9bc    0000005c                     : lsr32.asm.obj (.text:l_lsr_const)
                  0000da18    00000056                     : snprintf.c.obj (.text:snprintf)
                  0000da6e    0000004c                     : lsr16.asm.obj (.text)
                  0000daba    0000004a                     : asr64.c.obj (.text:__mspabi_srall)
                  0000db04    00000046                     : lsr64.c.obj (.text:__mspabi_srlll)
                  0000db4a    00000044                     : lsl64.c.obj (.text:__mspabi_sllll)
                  0000db8e    00000042                     : autoinit.c.obj (.text:__TI_auto_init_nobinit_nopinit:__TI_auto_init_nobinit_nopinit)
                  0000dbd0    0000003e                     : asr32.asm.obj (.text:l_asr_const)
                  0000dc0e    0000003e                     : lsl32.asm.obj (.text:l_lsl_const)
                  0000dc4c    00000036                     : snprintf.c.obj (.text:_outs)
                  0000dc82    00000036     main.obj (.text:read_voltage_sensor)
                  0000dcb8    0000002e     rts430_eabi.lib : subd.c.obj (.text:__mspabi_subd)
                  0000dce6    0000002c                     : asr16.asm.obj (.text)
                  0000dd12    0000002c                     : lsl16.asm.obj (.text)
                  0000dd3e    00000028                     : fixdi.c.obj (.text:__mspabi_fixdi)
                  0000dd66    00000028     main.obj (.text:uart_init)
                  0000dd8e    00000026     rts430_eabi.lib : mult32.asm.obj (.text)
                  0000ddb4    00000024     main.obj (.text:adc_readout)
                  0000ddd8    00000022     rts430_eabi.lib : mult1632.asm.obj (.text:__mpyul)
                  0000ddfa    00000022                     : memccpy.c.obj (.text:memccpy)
                  0000de1c    0000001e                     : mult3264.asm.obj (.text:__mpyull)
                  0000de3a    0000001e                     : snprintf.c.obj (.text:_outc)
                  0000de58    0000001c                     : boot.c.obj (.text:_c_int00_noargs)
                  0000de74    0000001c     main.obj (.text:uart_send)
                  0000de90    00000016     rts430_eabi.lib : div16u.asm.obj (.text)
                  0000dea6    00000014                     : memset.c.obj (.text:memset)
                  0000deba    00000014                     : mult16.asm.obj (.text)
                  0000dece    00000012                     : copy_decompress_none.c.obj (.text:decompress:none:__TI_decompress_none)
                  0000dee0    00000012                     : lsr32.asm.obj (.text:l_lsr)
                  0000def2    00000012                     : memcpy.c.obj (.text:memcpy)
                  0000df04    00000010                     : epilog.asm.obj (.text)
                  0000df14    0000000e                     : strlen.c.obj (.text:strlen)
                  0000df22    0000000c                     : fltid.c.obj (.text:__mspabi_fltid)
                  0000df2e    00000008                     : isr_trap.asm.obj (.text:_isr:__TI_ISR_TRAP)
                  0000df36    00000006                     : exit.c.obj (.text:abort)
                  0000df3c    00000004                     : pre_init.c.obj (.text:_system_pre_init)
                  0000df40    00000002                     : startup.c.obj (.text:_system_post_cinit)

.const     0    0000df42    00000032     
                  0000df42    00000026     rts430_eabi.lib : _printfi.c.obj (.const:.string)
                  0000df68    0000000c     main.obj (.const:.string)

.cinit     0    0000df74    00000012     
                  0000df74    00000009     (.cinit..data.load) [load image, compression = lzss]
                  0000df7d    00000001     --HOLE-- [fill = 0]
                  0000df7e    00000004     (__TI_handler_table)
                  0000df82    00000004     (__TI_cinit_table)

.binit     0    0000c000    00000000     

.init_array 
*          0    0000c000    00000000     UNINITIALIZED

TRAPINT    0    0000ffe0    00000002     
                  0000ffe0    00000002     rts430_eabi.lib : int00.asm.obj (.int00)

PORT1      0    0000ffe4    00000002     
                  0000ffe4    00000002     rts430_eabi.lib : int02.asm.obj (.int02)

PORT2      0    0000ffe6    00000002     
                  0000ffe6    00000002     rts430_eabi.lib : int03.asm.obj (.int03)

ADC10      0    0000ffea    00000002     
                  0000ffea    00000002     rts430_eabi.lib : int05.asm.obj (.int05)

USCIAB0TX 
*          0    0000ffec    00000002     
                  0000ffec    00000002     rts430_eabi.lib : int06.asm.obj (.int06)

USCIAB0RX 
*          0    0000ffee    00000002     
                  0000ffee    00000002     rts430_eabi.lib : int07.asm.obj (.int07)

TIMER0_A1 
*          0    0000fff0    00000002     
                  0000fff0    00000002     rts430_eabi.lib : int08.asm.obj (.int08)

TIMER0_A0 
*          0    0000fff2    00000002     
                  0000fff2    00000002     rts430_eabi.lib : int09.asm.obj (.int09)

WDT        0    0000fff4    00000002     
                  0000fff4    00000002     rts430_eabi.lib : int10.asm.obj (.int10)

COMPARATORA 
*          0    0000fff6    00000002     
                  0000fff6    00000002     rts430_eabi.lib : int11.asm.obj (.int11)

TIMER1_A1 
*          0    0000fff8    00000002     
                  0000fff8    00000002     rts430_eabi.lib : int12.asm.obj (.int12)

TIMER1_A0 
*          0    0000fffa    00000002     
                  0000fffa    00000002     rts430_eabi.lib : int13.asm.obj (.int13)

NMI        0    0000fffc    00000002     
                  0000fffc    00000002     rts430_eabi.lib : int14.asm.obj (.int14)

.reset     0    0000fffe    00000002     
                  0000fffe    00000002     rts430_eabi.lib : boot.c.obj (.reset)

$fill000   0    0000ffde    00000002     
                  0000ffde    00000002     --HOLE-- [fill = ffff]

MODULE SUMMARY

       Module                       code   ro data   rw data
       ------                       ----   -------   -------
    .\
       main.obj                     718    12        10     
    +--+----------------------------+------+---------+---------+
       Total:                       718    12        10     
                                                            
    C:\Applications\TI\ccs\tools\compiler\ti-cgt-msp430_21.6.1.LTS\lib\rts430_eabi.lib
       addd.c.obj                   1846   0         0      
       frcdivd.c.obj                1144   0         0      
       _printfi.c.obj               716    38        0      
       mpyd.c.obj                   704    0         0      
       divd.c.obj                   562    0         0      
       frcmpyd.c.obj                370    0         0      
       mult64.asm.obj               276    0         0      
       fltlid.c.obj                 172    0         0      
       snprintf.c.obj               170    0         0      
       copy_decompress_lzss.c.obj   124    0         0      
       fixdli.c.obj                 114    0         0      
       lsr32.asm.obj                110    0         0      
       lsr16.asm.obj                76     0         0      
       asr64.c.obj                  74     0         0      
       lsr64.c.obj                  70     0         0      
       lsl64.c.obj                  68     0         0      
       autoinit.c.obj               66     0         0      
       asr32.asm.obj                62     0         0      
       lsl32.asm.obj                62     0         0      
       subd.c.obj                   46     0         0      
       asr16.asm.obj                44     0         0      
       lsl16.asm.obj                44     0         0      
       fixdi.c.obj                  40     0         0      
       mult32.asm.obj               38     0         0      
       memccpy.c.obj                34     0         0      
       mult1632.asm.obj             34     0         0      
       boot.c.obj                   28     2         0      
       mult3264.asm.obj             30     0         0      
       div16u.asm.obj               22     0         0      
       memset.c.obj                 20     0         0      
       mult16.asm.obj               20     0         0      
       copy_decompress_none.c.obj   18     0         0      
       memcpy.c.obj                 18     0         0      
       epilog.asm.obj               16     0         0      
       strlen.c.obj                 14     0         0      
       fltid.c.obj                  12     0         0      
       isr_trap.asm.obj             8      0         0      
       exit.c.obj                   6      0         0      
       pre_init.c.obj               4      0         0      
       int00.asm.obj                0      2         0      
       int02.asm.obj                0      2         0      
       int03.asm.obj                0      2         0      
       int05.asm.obj                0      2         0      
       int06.asm.obj                0      2         0      
       int07.asm.obj                0      2         0      
       int08.asm.obj                0      2         0      
       int09.asm.obj                0      2         0      
       int10.asm.obj                0      2         0      
       int11.asm.obj                0      2         0      
       int12.asm.obj                0      2         0      
       int13.asm.obj                0      2         0      
       int14.asm.obj                0      2         0      
       startup.c.obj                2      0         0      
    +--+----------------------------+------+---------+---------+
       Total:                       7284   66        0      
                                                            
       Stack:                       0      0         80     
       Linker Generated:            0      17        0      
    +--+----------------------------+------+---------+---------+
       Grand Total:                 8002   95        90     


LINKER GENERATED COPY TABLES

__TI_cinit_table @ 0000df82 records: 1, size/record: 4, table size: 4
	.data: load addr=0000df74, load size=00000009 bytes, run addr=00000200, run size=0000000a bytes, compression=lzss


LINKER GENERATED HANDLER TABLE

__TI_handler_table @ 0000df7e records: 2, size/record: 2, table size: 4
	index: 0, handler: __TI_decompress_lzss
	index: 1, handler: __TI_decompress_none


GLOBAL SYMBOLS: SORTED ALPHABETICALLY BY Name 

address   name                          
-------   ----                          
0000004a  ADC10AE0                      
000001b0  ADC10CTL0                     
000001b2  ADC10CTL1                     
00000048  ADC10DTC0                     
00000049  ADC10DTC1                     
000001b4  ADC10MEM                      
000001bc  ADC10SA                       
00000057  BCSCTL1                       
00000058  BCSCTL2                       
00000053  BCSCTL3                       
0000df36  C$$EXIT                       
00000059  CACTL1                        
0000005a  CACTL2                        
000010fb  CALBC1_12MHZ                  
000010f9  CALBC1_16MHZ                  
000010ff  CALBC1_1MHZ                   
000010fd  CALBC1_8MHZ                   
000010fa  CALDCO_12MHZ                  
000010f8  CALDCO_16MHZ                  
000010fe  CALDCO_1MHZ                   
000010fc  CALDCO_8MHZ                   
0000005b  CAPD                          
00000056  DCOCTL                        
00000128  FCTL1                         
0000012a  FCTL2                         
0000012c  FCTL3                         
00000000  IE1                           
00000001  IE2                           
00000002  IFG1                          
00000003  IFG2                          
00000022  P1DIR                         
00000025  P1IE                          
00000024  P1IES                         
00000023  P1IFG                         
00000020  P1IN                          
00000021  P1OUT                         
00000027  P1REN                         
00000026  P1SEL                         
00000041  P1SEL2                        
0000002a  P2DIR                         
0000002d  P2IE                          
0000002c  P2IES                         
0000002b  P2IFG                         
00000028  P2IN                          
00000029  P2OUT                         
0000002f  P2REN                         
0000002e  P2SEL                         
00000042  P2SEL2                        
0000001a  P3DIR                         
00000018  P3IN                          
00000019  P3OUT                         
00000010  P3REN                         
0000001b  P3SEL                         
00000043  P3SEL2                        
00000172  TA0CCR0                       
00000174  TA0CCR1                       
00000176  TA0CCR2                       
00000162  TA0CCTL0                      
00000164  TA0CCTL1                      
00000166  TA0CCTL2                      
00000160  TA0CTL                        
0000012e  TA0IV                         
00000170  TA0R                          
00000192  TA1CCR0                       
00000194  TA1CCR1                       
00000196  TA1CCR2                       
00000182  TA1CCTL0                      
00000184  TA1CCTL1                      
00000186  TA1CCTL2                      
00000180  TA1CTL                        
0000011e  TA1IV                         
00000190  TA1R                          
000010db  TLV_ADC10_1_LEN               
000010da  TLV_ADC10_1_TAG               
000010c0  TLV_CHECKSUM                  
000010f7  TLV_DCO_30_LEN                
000010f6  TLV_DCO_30_TAG                
0000005d  UCA0ABCTL                     
00000062  UCA0BR0                       
00000063  UCA0BR1                       
00000060  UCA0CTL0                      
00000061  UCA0CTL1                      
0000005f  UCA0IRRCTL                    
0000005e  UCA0IRTCTL                    
00000064  UCA0MCTL                      
00000066  UCA0RXBUF                     
00000065  UCA0STAT                      
00000067  UCA0TXBUF                     
0000006a  UCB0BR0                       
0000006b  UCB0BR1                       
00000068  UCB0CTL0                      
00000069  UCB0CTL1                      
0000006c  UCB0I2CIE                     
00000118  UCB0I2COA                     
0000011a  UCB0I2CSA                     
0000006e  UCB0RXBUF                     
0000006d  UCB0STAT                      
0000006f  UCB0TXBUF                     
00000120  WDTCTL                        
00000400  __STACK_END                   
00000050  __STACK_SIZE                  
0000df82  __TI_CINIT_Base               
0000df86  __TI_CINIT_Limit              
0000df86  __TI_CINIT_Warm               
0000df7e  __TI_Handler_Table_Base       
0000df82  __TI_Handler_Table_Limit      
0000df2e  __TI_ISR_TRAP                 
0000db8e  __TI_auto_init_nobinit_nopinit
0000d8ce  __TI_decompress_lzss          
0000dece  __TI_decompress_none          
0000c736  __TI_frcdivd                  
0000d0a0  __TI_frcmpyd                  
0000ffe0  __TI_int00                    
0000ffe4  __TI_int02                    
0000ffe6  __TI_int03                    
0000ffea  __TI_int05                    
0000ffec  __TI_int06                    
0000ffee  __TI_int07                    
0000fff0  __TI_int08                    
0000fff2  __TI_int09                    
0000fff4  __TI_int10                    
0000fff6  __TI_int11                    
0000fff8  __TI_int12                    
0000fffa  __TI_int13                    
0000fffc  __TI_int14                    
ffffffff  __TI_pprof_out_hndl           
0000d556  __TI_printfi_minimal          
ffffffff  __TI_prof_data_size           
ffffffff  __TI_prof_data_start          
ffffffff  __c_args__                    
0000c000  __mspabi_addd                 
0000ce6e  __mspabi_divd                 
0000de90  __mspabi_divu                 
0000dd3e  __mspabi_fixdi                
0000d94a  __mspabi_fixdli               
0000df22  __mspabi_fltid                
0000d70c  __mspabi_fltlid               
0000df10  __mspabi_func_epilog_1        
0000df0e  __mspabi_func_epilog_2        
0000df0c  __mspabi_func_epilog_3        
0000df0a  __mspabi_func_epilog_4        
0000df08  __mspabi_func_epilog_5        
0000df06  __mspabi_func_epilog_6        
0000df04  __mspabi_func_epilog_7        
0000cbae  __mspabi_mpyd                 
0000deba  __mspabi_mpyi                 
0000deba  __mspabi_mpyi_sw              
0000dd8e  __mspabi_mpyl                 
0000dd8e  __mspabi_mpyl_sw              
0000d442  __mspabi_mpyll                
0000d442  __mspabi_mpyll_sw             
0000ddd8  __mspabi_mpyul                
0000ddd8  __mspabi_mpyul_sw             
0000de1c  __mspabi_mpyull               
0000de1c  __mspabi_mpyull_sw            
0000de90  __mspabi_remu                 
0000dd12  __mspabi_slli                 
0000dd3a  __mspabi_slli_1               
0000dd28  __mspabi_slli_10              
0000dd26  __mspabi_slli_11              
0000dd24  __mspabi_slli_12              
0000dd22  __mspabi_slli_13              
0000dd20  __mspabi_slli_14              
0000dd1e  __mspabi_slli_15              
0000dd38  __mspabi_slli_2               
0000dd36  __mspabi_slli_3               
0000dd34  __mspabi_slli_4               
0000dd32  __mspabi_slli_5               
0000dd30  __mspabi_slli_6               
0000dd2e  __mspabi_slli_7               
0000dd2c  __mspabi_slli_8               
0000dd2a  __mspabi_slli_9               
0000dc46  __mspabi_slll_1               
0000dc22  __mspabi_slll_10              
0000dc1e  __mspabi_slll_11              
0000dc1a  __mspabi_slll_12              
0000dc16  __mspabi_slll_13              
0000dc12  __mspabi_slll_14              
0000dc0e  __mspabi_slll_15              
0000dc42  __mspabi_slll_2               
0000dc3e  __mspabi_slll_3               
0000dc3a  __mspabi_slll_4               
0000dc36  __mspabi_slll_5               
0000dc32  __mspabi_slll_6               
0000dc2e  __mspabi_slll_7               
0000dc2a  __mspabi_slll_8               
0000dc26  __mspabi_slll_9               
0000db4a  __mspabi_sllll                
0000dce6  __mspabi_srai                 
0000dd0e  __mspabi_srai_1               
0000dcfc  __mspabi_srai_10              
0000dcfa  __mspabi_srai_11              
0000dcf8  __mspabi_srai_12              
0000dcf6  __mspabi_srai_13              
0000dcf4  __mspabi_srai_14              
0000dcf2  __mspabi_srai_15              
0000dd0c  __mspabi_srai_2               
0000dd0a  __mspabi_srai_3               
0000dd08  __mspabi_srai_4               
0000dd06  __mspabi_srai_5               
0000dd04  __mspabi_srai_6               
0000dd02  __mspabi_srai_7               
0000dd00  __mspabi_srai_8               
0000dcfe  __mspabi_srai_9               
0000dc08  __mspabi_sral_1               
0000dbe4  __mspabi_sral_10              
0000dbe0  __mspabi_sral_11              
0000dbdc  __mspabi_sral_12              
0000dbd8  __mspabi_sral_13              
0000dbd4  __mspabi_sral_14              
0000dbd0  __mspabi_sral_15              
0000dc04  __mspabi_sral_2               
0000dc00  __mspabi_sral_3               
0000dbfc  __mspabi_sral_4               
0000dbf8  __mspabi_sral_5               
0000dbf4  __mspabi_sral_6               
0000dbf0  __mspabi_sral_7               
0000dbec  __mspabi_sral_8               
0000dbe8  __mspabi_sral_9               
0000daba  __mspabi_srall                
0000da6e  __mspabi_srli                 
0000dab4  __mspabi_srli_1               
0000da90  __mspabi_srli_10              
0000da8c  __mspabi_srli_11              
0000da88  __mspabi_srli_12              
0000da84  __mspabi_srli_13              
0000da80  __mspabi_srli_14              
0000da7c  __mspabi_srli_15              
0000dab0  __mspabi_srli_2               
0000daac  __mspabi_srli_3               
0000daa8  __mspabi_srli_4               
0000daa4  __mspabi_srli_5               
0000daa0  __mspabi_srli_6               
0000da9c  __mspabi_srli_7               
0000da98  __mspabi_srli_8               
0000da94  __mspabi_srli_9               
0000dee0  __mspabi_srll                 
0000da10  __mspabi_srll_1               
0000d9da  __mspabi_srll_10              
0000d9d4  __mspabi_srll_11              
0000d9ce  __mspabi_srll_12              
0000d9c8  __mspabi_srll_13              
0000d9c2  __mspabi_srll_14              
0000d9bc  __mspabi_srll_15              
0000da0a  __mspabi_srll_2               
0000da04  __mspabi_srll_3               
0000d9fe  __mspabi_srll_4               
0000d9f8  __mspabi_srll_5               
0000d9f2  __mspabi_srll_6               
0000d9ec  __mspabi_srll_7               
0000d9e6  __mspabi_srll_8               
0000d9e0  __mspabi_srll_9               
0000db04  __mspabi_srlll                
0000dcb8  __mspabi_subd                 
0000de58  _c_int00_noargs               
0000fffe  _reset_vector                 
000003b0  _stack                        
0000df40  _system_post_cinit            
0000df3c  _system_pre_init              
0000df36  abort                         
0000ddb4  adc_readout                   
00000206  light_value                   
0000d84a  main                          
0000ddfa  memccpy                       
0000def2  memcpy                        
0000dea6  memset                        
0000d7b8  read_temp_sensor              
0000dc82  read_voltage_sensor           
0000d212  send_xbee_transmit_request    
0000da18  snprintf                      
0000df14  strlen                        
00000202  temp_value                    
0000dd66  uart_init                     
0000de74  uart_send                     
00000200  voltage_value                 
00000204  water_level_value             
00000208  zigbee_sleep_state            


GLOBAL SYMBOLS: SORTED BY Symbol Address 

address   name                          
-------   ----                          
00000000  IE1                           
00000001  IE2                           
00000002  IFG1                          
00000003  IFG2                          
00000010  P3REN                         
00000018  P3IN                          
00000019  P3OUT                         
0000001a  P3DIR                         
0000001b  P3SEL                         
00000020  P1IN                          
00000021  P1OUT                         
00000022  P1DIR                         
00000023  P1IFG                         
00000024  P1IES                         
00000025  P1IE                          
00000026  P1SEL                         
00000027  P1REN                         
00000028  P2IN                          
00000029  P2OUT                         
0000002a  P2DIR                         
0000002b  P2IFG                         
0000002c  P2IES                         
0000002d  P2IE                          
0000002e  P2SEL                         
0000002f  P2REN                         
00000041  P1SEL2                        
00000042  P2SEL2                        
00000043  P3SEL2                        
00000048  ADC10DTC0                     
00000049  ADC10DTC1                     
0000004a  ADC10AE0                      
00000050  __STACK_SIZE                  
00000053  BCSCTL3                       
00000056  DCOCTL                        
00000057  BCSCTL1                       
00000058  BCSCTL2                       
00000059  CACTL1                        
0000005a  CACTL2                        
0000005b  CAPD                          
0000005d  UCA0ABCTL                     
0000005e  UCA0IRTCTL                    
0000005f  UCA0IRRCTL                    
00000060  UCA0CTL0                      
00000061  UCA0CTL1                      
00000062  UCA0BR0                       
00000063  UCA0BR1                       
00000064  UCA0MCTL                      
00000065  UCA0STAT                      
00000066  UCA0RXBUF                     
00000067  UCA0TXBUF                     
00000068  UCB0CTL0                      
00000069  UCB0CTL1                      
0000006a  UCB0BR0                       
0000006b  UCB0BR1                       
0000006c  UCB0I2CIE                     
0000006d  UCB0STAT                      
0000006e  UCB0RXBUF                     
0000006f  UCB0TXBUF                     
00000118  UCB0I2COA                     
0000011a  UCB0I2CSA                     
0000011e  TA1IV                         
00000120  WDTCTL                        
00000128  FCTL1                         
0000012a  FCTL2                         
0000012c  FCTL3                         
0000012e  TA0IV                         
00000160  TA0CTL                        
00000162  TA0CCTL0                      
00000164  TA0CCTL1                      
00000166  TA0CCTL2                      
00000170  TA0R                          
00000172  TA0CCR0                       
00000174  TA0CCR1                       
00000176  TA0CCR2                       
00000180  TA1CTL                        
00000182  TA1CCTL0                      
00000184  TA1CCTL1                      
00000186  TA1CCTL2                      
00000190  TA1R                          
00000192  TA1CCR0                       
00000194  TA1CCR1                       
00000196  TA1CCR2                       
000001b0  ADC10CTL0                     
000001b2  ADC10CTL1                     
000001b4  ADC10MEM                      
000001bc  ADC10SA                       
00000200  voltage_value                 
00000202  temp_value                    
00000204  water_level_value             
00000206  light_value                   
00000208  zigbee_sleep_state            
000003b0  _stack                        
00000400  __STACK_END                   
000010c0  TLV_CHECKSUM                  
000010da  TLV_ADC10_1_TAG               
000010db  TLV_ADC10_1_LEN               
000010f6  TLV_DCO_30_TAG                
000010f7  TLV_DCO_30_LEN                
000010f8  CALDCO_16MHZ                  
000010f9  CALBC1_16MHZ                  
000010fa  CALDCO_12MHZ                  
000010fb  CALBC1_12MHZ                  
000010fc  CALDCO_8MHZ                   
000010fd  CALBC1_8MHZ                   
000010fe  CALDCO_1MHZ                   
000010ff  CALBC1_1MHZ                   
0000c000  __mspabi_addd                 
0000c736  __TI_frcdivd                  
0000cbae  __mspabi_mpyd                 
0000ce6e  __mspabi_divd                 
0000d0a0  __TI_frcmpyd                  
0000d212  send_xbee_transmit_request    
0000d442  __mspabi_mpyll                
0000d442  __mspabi_mpyll_sw             
0000d556  __TI_printfi_minimal          
0000d70c  __mspabi_fltlid               
0000d7b8  read_temp_sensor              
0000d84a  main                          
0000d8ce  __TI_decompress_lzss          
0000d94a  __mspabi_fixdli               
0000d9bc  __mspabi_srll_15              
0000d9c2  __mspabi_srll_14              
0000d9c8  __mspabi_srll_13              
0000d9ce  __mspabi_srll_12              
0000d9d4  __mspabi_srll_11              
0000d9da  __mspabi_srll_10              
0000d9e0  __mspabi_srll_9               
0000d9e6  __mspabi_srll_8               
0000d9ec  __mspabi_srll_7               
0000d9f2  __mspabi_srll_6               
0000d9f8  __mspabi_srll_5               
0000d9fe  __mspabi_srll_4               
0000da04  __mspabi_srll_3               
0000da0a  __mspabi_srll_2               
0000da10  __mspabi_srll_1               
0000da18  snprintf                      
0000da6e  __mspabi_srli                 
0000da7c  __mspabi_srli_15              
0000da80  __mspabi_srli_14              
0000da84  __mspabi_srli_13              
0000da88  __mspabi_srli_12              
0000da8c  __mspabi_srli_11              
0000da90  __mspabi_srli_10              
0000da94  __mspabi_srli_9               
0000da98  __mspabi_srli_8               
0000da9c  __mspabi_srli_7               
0000daa0  __mspabi_srli_6               
0000daa4  __mspabi_srli_5               
0000daa8  __mspabi_srli_4               
0000daac  __mspabi_srli_3               
0000dab0  __mspabi_srli_2               
0000dab4  __mspabi_srli_1               
0000daba  __mspabi_srall                
0000db04  __mspabi_srlll                
0000db4a  __mspabi_sllll                
0000db8e  __TI_auto_init_nobinit_nopinit
0000dbd0  __mspabi_sral_15              
0000dbd4  __mspabi_sral_14              
0000dbd8  __mspabi_sral_13              
0000dbdc  __mspabi_sral_12              
0000dbe0  __mspabi_sral_11              
0000dbe4  __mspabi_sral_10              
0000dbe8  __mspabi_sral_9               
0000dbec  __mspabi_sral_8               
0000dbf0  __mspabi_sral_7               
0000dbf4  __mspabi_sral_6               
0000dbf8  __mspabi_sral_5               
0000dbfc  __mspabi_sral_4               
0000dc00  __mspabi_sral_3               
0000dc04  __mspabi_sral_2               
0000dc08  __mspabi_sral_1               
0000dc0e  __mspabi_slll_15              
0000dc12  __mspabi_slll_14              
0000dc16  __mspabi_slll_13              
0000dc1a  __mspabi_slll_12              
0000dc1e  __mspabi_slll_11              
0000dc22  __mspabi_slll_10              
0000dc26  __mspabi_slll_9               
0000dc2a  __mspabi_slll_8               
0000dc2e  __mspabi_slll_7               
0000dc32  __mspabi_slll_6               
0000dc36  __mspabi_slll_5               
0000dc3a  __mspabi_slll_4               
0000dc3e  __mspabi_slll_3               
0000dc42  __mspabi_slll_2               
0000dc46  __mspabi_slll_1               
0000dc82  read_voltage_sensor           
0000dcb8  __mspabi_subd                 
0000dce6  __mspabi_srai                 
0000dcf2  __mspabi_srai_15              
0000dcf4  __mspabi_srai_14              
0000dcf6  __mspabi_srai_13              
0000dcf8  __mspabi_srai_12              
0000dcfa  __mspabi_srai_11              
0000dcfc  __mspabi_srai_10              
0000dcfe  __mspabi_srai_9               
0000dd00  __mspabi_srai_8               
0000dd02  __mspabi_srai_7               
0000dd04  __mspabi_srai_6               
0000dd06  __mspabi_srai_5               
0000dd08  __mspabi_srai_4               
0000dd0a  __mspabi_srai_3               
0000dd0c  __mspabi_srai_2               
0000dd0e  __mspabi_srai_1               
0000dd12  __mspabi_slli                 
0000dd1e  __mspabi_slli_15              
0000dd20  __mspabi_slli_14              
0000dd22  __mspabi_slli_13              
0000dd24  __mspabi_slli_12              
0000dd26  __mspabi_slli_11              
0000dd28  __mspabi_slli_10              
0000dd2a  __mspabi_slli_9               
0000dd2c  __mspabi_slli_8               
0000dd2e  __mspabi_slli_7               
0000dd30  __mspabi_slli_6               
0000dd32  __mspabi_slli_5               
0000dd34  __mspabi_slli_4               
0000dd36  __mspabi_slli_3               
0000dd38  __mspabi_slli_2               
0000dd3a  __mspabi_slli_1               
0000dd3e  __mspabi_fixdi                
0000dd66  uart_init                     
0000dd8e  __mspabi_mpyl                 
0000dd8e  __mspabi_mpyl_sw              
0000ddb4  adc_readout                   
0000ddd8  __mspabi_mpyul                
0000ddd8  __mspabi_mpyul_sw             
0000ddfa  memccpy                       
0000de1c  __mspabi_mpyull               
0000de1c  __mspabi_mpyull_sw            
0000de58  _c_int00_noargs               
0000de74  uart_send                     
0000de90  __mspabi_divu                 
0000de90  __mspabi_remu                 
0000dea6  memset                        
0000deba  __mspabi_mpyi                 
0000deba  __mspabi_mpyi_sw              
0000dece  __TI_decompress_none          
0000dee0  __mspabi_srll                 
0000def2  memcpy                        
0000df04  __mspabi_func_epilog_7        
0000df06  __mspabi_func_epilog_6        
0000df08  __mspabi_func_epilog_5        
0000df0a  __mspabi_func_epilog_4        
0000df0c  __mspabi_func_epilog_3        
0000df0e  __mspabi_func_epilog_2        
0000df10  __mspabi_func_epilog_1        
0000df14  strlen                        
0000df22  __mspabi_fltid                
0000df2e  __TI_ISR_TRAP                 
0000df36  C$$EXIT                       
0000df36  abort                         
0000df3c  _system_pre_init              
0000df40  _system_post_cinit            
0000df7e  __TI_Handler_Table_Base       
0000df82  __TI_CINIT_Base               
0000df82  __TI_Handler_Table_Limit      
0000df86  __TI_CINIT_Limit              
0000df86  __TI_CINIT_Warm               
0000ffe0  __TI_int00                    
0000ffe4  __TI_int02                    
0000ffe6  __TI_int03                    
0000ffea  __TI_int05                    
0000ffec  __TI_int06                    
0000ffee  __TI_int07                    
0000fff0  __TI_int08                    
0000fff2  __TI_int09                    
0000fff4  __TI_int10                    
0000fff6  __TI_int11                    
0000fff8  __TI_int12                    
0000fffa  __TI_int13                    
0000fffc  __TI_int14                    
0000fffe  _reset_vector                 
ffffffff  __TI_pprof_out_hndl           
ffffffff  __TI_prof_data_size           
ffffffff  __TI_prof_data_start          
ffffffff  __c_args__                    

[277 symbols]
